supri@LAPTOP-2M5D4HK2 MINGW64 /c/workspace
$ git init
Initialized empty Git repository in C:/workspace/.git/

supri@LAPTOP-2M5D4HK2 MINGW64 /c/workspace (master)
$ git branch -m master main

supri@LAPTOP-2M5D4HK2 MINGW64 /c/workspace (main)
$ git status
On branch main

No commits yet

Untracked files:
  (use "git add <file>..." to include in what will be committed)
        .metadata/
        CloudTech/
        InterviewImportent/
        JavaPractice/
        PreviousInterviews/
        allCollectionCon/

nothing added to commit but untracked files present (use "git add" to track)

supri@LAPTOP-2M5D4HK2 MINGW64 /c/workspace (main)
$ git add -A

supri@LAPTOP-2M5D4HK2 MINGW64 /c/workspace (main)
$ git status
On branch main

No commits yet

Changes to be committed:
  (use "git rm --cached <file>..." to unstage)
        new file:   .metadata/.lock
        new file:   .metadata/.log
        new file:   .metadata/.plugins/org.eclipse.core.resources/.history/11/d08836409b9e001f1343ddd40125ca12

supri@LAPTOP-2M5D4HK2 MINGW64 /c/workspace (main)
$ git commit -m "Initial Commit"
[main (root-commit) 34097eb] Initial Commit
 793 files changed, 22333 insertions(+)
 create mode 100644 .metadata/.lock
 create mode 100644 .metadata/.log

supri@LAPTOP-2M5D4HK2 MINGW64 /c/workspace (main)
$ git push
fatal: No configured push destination.
Either specify the URL from the command-line or configure a remote repository using

    git remote add <name> <url>

and then push using the remote name

    git push <name>


supri@LAPTOP-2M5D4HK2 MINGW64 /c/workspace (main)
$ git remote add origin https://github.com/suprithagit/workspace.git

supri@LAPTOP-2M5D4HK2 MINGW64 /c/workspace (main)
$ git remote -v
origin  https://github.com/suprithagit/workspace.git (fetch)
origin  https://github.com/suprithagit/workspace.git (push)

supri@LAPTOP-2M5D4HK2 MINGW64 /c/workspace (main)
$ git status
On branch main
Changes not staged for commit:
  (use "git add <file>..." to update what will be committed)
  (use "git restore <file>..." to discard changes in working directory)
        modified:   .metadata/.plugins/org.eclipse.m2e.logback.configuration/0.log

no changes added to commit (use "git add" and/or "git commit -a")

supri@LAPTOP-2M5D4HK2 MINGW64 /c/workspace (main)
$ git push
fatal: The current branch main has no upstream branch.
To push the current branch and set the remote as upstream, use

    git push --set-upstream origin main

To have this happen automatically for branches without a tracking
upstream, see 'push.autoSetupRemote' in 'git help config'.

supri@LAPTOP-2M5D4HK2 MINGW64 /c/workspace (main)
$ git push --set-upstream origin main
Enumerating objects: 1089, done.
Counting objects: 100% (1089/1089), done.
Delta compression using up to 12 threads
Compressing objects: 100% (1003/1003), done.
Writing objects: 100% (1089/1089), 15.25 MiB | 763.00 KiB/s, done.
Total 1089 (delta 289), reused 0 (delta 0), pack-reused 0
remote: Resolving deltas: 100% (289/289), done.
To https://github.com/suprithagit/workspace.git
 * [new branch]      main -> main
branch 'main' set up to track 'origin/main'.

supri@LAPTOP-2M5D4HK2 MINGW64 /c/workspace (main)
$ git push
Everything up-to-date

supri@LAPTOP-2M5D4HK2 MINGW64 /c/workspace (main)
$ git status
On branch main
Your branch is up to date with 'origin/main'.

Changes not staged for commit:
  (use "git add <file>..." to update what will be committed)
  (use "git restore <file>..." to discard changes in working directory)
        modified:   .metadata/.plugins/org.eclipse.m2e.logback.configuration/0.log

no changes added to commit (use "git add" and/or "git commit -a")

supri@LAPTOP-2M5D4HK2 MINGW64 /c/workspace (main)
$ git pull
Already up to date.

